// Jest Snapshot v1, https://goo.gl/fbAQLP

exports[`Layout renders correctly 1`] = `
<div
  css={
    Object {
      "map": undefined,
      "name": "vkixka",
      "next": undefined,
      "styles": "
        height: 100vh;
        display: flex;
        flex-direction: column;
      ",
    }
  }
>
  <header
    css={
      Object {
        "map": undefined,
        "name": "181ra4m",
        "next": undefined,
        "styles": "
        width: 100vw;
        
    background: linear-gradient(to left, rgb(0,61,89), #33637a);
  ;
      ",
      }
    }
  >
    <div
      css={
        Object {
          "map": undefined,
          "name": "1thgah9",
          "next": undefined,
          "styles": "
            display: flex;
          ",
        }
      }
    >
      <div
        className="Header-Title-Style"
        css={
          Object {
            "map": undefined,
            "name": "17ih1bc",
            "next": undefined,
            "styles": "
              
    display: flex;
    justify-content: center;
    flex-direction: column;
  
              
    padding: 15px;
  
              flex-grow: 1;
            ",
          }
        }
        onClick={[Function]}
      >
        Self Help Facility
      </div>
      <div
        className="Header-button-Style"
        css={
          Object {
            "map": undefined,
            "name": "1sm5jo",
            "next": undefined,
            "styles": "
        
    display: flex;
    justify-content: center;
    flex-direction: column;
  
        padding: 0px 10px;
        background-color: rgb(255, 255, 255, 0.2);
        border-radius: 4px;
        margin: 10px 10px 10px 0px;
        min-width: 20px;
        object-fit: contain;
        text-align: center;
        height: 40px;
      ",
          }
        }
        data-testid="topbarlink-button"
        onClick={[Function]}
      >
        <svg
          aria-hidden="true"
          className="svg-inline--fa fa-search fa-w-16 "
          data-icon="search"
          data-prefix="fas"
          focusable="false"
          role="img"
          style={Object {}}
          viewBox="0 0 512 512"
          xmlns="http://www.w3.org/2000/svg"
        >
          <path
            d="M505 442.7L405.3 343c-4.5-4.5-10.6-7-17-7H372c27.6-35.3 44-79.7 44-128C416 93.1 322.9 0 208 0S0 93.1 0 208s93.1 208 208 208c48.3 0 92.7-16.4 128-44v16.3c0 6.4 2.5 12.5 7 17l99.7 99.7c9.4 9.4 24.6 9.4 33.9 0l28.3-28.3c9.4-9.4 9.4-24.6.1-34zM208 336c-70.7 0-128-57.2-128-128 0-70.7 57.2-128 128-128 70.7 0 128 57.2 128 128 0 70.7-57.2 128-128 128z"
            fill="currentColor"
            style={Object {}}
          />
        </svg>
      </div>
      <div
        className="Header-button-Style"
        css={
          Object {
            "map": undefined,
            "name": "1sm5jo",
            "next": undefined,
            "styles": "
        
    display: flex;
    justify-content: center;
    flex-direction: column;
  
        padding: 0px 10px;
        background-color: rgb(255, 255, 255, 0.2);
        border-radius: 4px;
        margin: 10px 10px 10px 0px;
        min-width: 20px;
        object-fit: contain;
        text-align: center;
        height: 40px;
      ",
          }
        }
        data-testid="topbarlink-button"
        onClick={[Function]}
      >
        Menu
      </div>
    </div>
  </header>
  <div
    css={
      Object {
        "map": undefined,
        "name": "o9ztju",
        "next": undefined,
        "styles": "
          
    margin: 0 auto;
    max-width: 700px;
  
          overflow: scroll;
          width: 100vw;
          display: flex;
          flex-direction: column;
          flex-grow: 1;
        ",
      }
    }
  >
    <div
      css={
        Object {
          "map": undefined,
          "name": "1k0aln6",
          "next": undefined,
          "styles": "
            flex-grow: 1;
          ",
        }
      }
    >
      Inside layout content
    </div>
    <div
      css={
        Object {
          "map": undefined,
          "name": "ej75ms",
          "next": undefined,
          "styles": "
        
    padding: 30px 0px;
  
        width: 100%;
        padding: 10px 0px;
        background-color: rgb(236, 236, 237);
        display: flex;
        min-height: 100px;
        flex-direction: column;
        justify-content: center;
        flex-shrink: 0;
      ",
        }
      }
    >
      <img
        alt="Footer logo"
        css={
          Object {
            "map": undefined,
            "name": "1v6eegl",
            "next": undefined,
            "styles": "
          margin-bottom: 50px;
          margin-top: 50px;
        ",
          }
        }
        src="/footer_logo.svg"
      />
      <div
        className="Footer-Style"
      >
        Â© Office for National Statistics 2019
      </div>
    </div>
  </div>
</div>
`;
