// Jest Snapshot v1, https://goo.gl/fbAQLP

exports[`TabList renders correctly 1`] = `
<div
  css={
    Object {
      "map": undefined,
      "name": "1p7jpnp",
      "next": undefined,
      "styles": "
        
    padding: 15px 0px;
  ;
      ",
    }
  }
>
  <div>
    <div
      css={
        Object {
          "map": undefined,
          "name": "lcxyxv",
          "next": undefined,
          "styles": "
        
    padding: 15px;
    min-height: 30px;
  ;
        box-shadow: 0px 2px 4px 0px rgba(0, 0, 0, 0.5);
        border-left: 6px solid rgb(0,61,89);
        background-color: rgb(255, 255, 255);
      ",
        }
      }
      onClick={[Function]}
    >
      <div
        className="Card-heading-Style"
        css={
          Object {
            "map": undefined,
            "name": "qiy98z",
            "next": undefined,
            "styles": "
          color: inherit;
          flex-grow: 1;
          font-weight: semi-bold;
        ",
          }
        }
        data-testid="articletab-article-card"
      >
        test Article 1
      </div>
      <div
        className="Card-sub-head-Style-gray"
        css={
          Object {
            "map": undefined,
            "name": "1hejrb1",
            "next": undefined,
            "styles": "
          padding-top: 6px;
          display: flex;
          flex-direction: vertical;
          line-height: 1.08;
          max-height: 42.12px; // line-height * font-size * 3
        ",
          }
        }
      >
        <div
          css={
            Object {
              "map": undefined,
              "name": "lz6rtp",
              "next": undefined,
              "styles": "
            width: 70%;
            overflow: hidden;
            text-overflow: ellipsis;
            flex-grow: 1;
          ",
            }
          }
        >
          testDescription
        </div>
        <div
          className="Card-meta-Style"
          css={
            Object {
              "map": undefined,
              "name": "4j3tb8",
              "next": undefined,
              "styles": "
            display: flex;
            flex-direction: column;
            justify-content: flex-end;
          ",
            }
          }
        >
          a few seconds ago
        </div>
      </div>
    </div>
  </div>
  <div>
    <div
      css={
        Object {
          "map": undefined,
          "name": "lcxyxv",
          "next": undefined,
          "styles": "
        
    padding: 15px;
    min-height: 30px;
  ;
        box-shadow: 0px 2px 4px 0px rgba(0, 0, 0, 0.5);
        border-left: 6px solid rgb(0,61,89);
        background-color: rgb(255, 255, 255);
      ",
        }
      }
      onClick={[Function]}
    >
      <div
        className="Card-heading-Style"
        css={
          Object {
            "map": undefined,
            "name": "qiy98z",
            "next": undefined,
            "styles": "
          color: inherit;
          flex-grow: 1;
          font-weight: semi-bold;
        ",
          }
        }
        data-testid="articletab-article-card"
      >
        test Article 2
      </div>
      <div
        className="Card-sub-head-Style-gray"
        css={
          Object {
            "map": undefined,
            "name": "1hejrb1",
            "next": undefined,
            "styles": "
          padding-top: 6px;
          display: flex;
          flex-direction: vertical;
          line-height: 1.08;
          max-height: 42.12px; // line-height * font-size * 3
        ",
          }
        }
      >
        <div
          css={
            Object {
              "map": undefined,
              "name": "lz6rtp",
              "next": undefined,
              "styles": "
            width: 70%;
            overflow: hidden;
            text-overflow: ellipsis;
            flex-grow: 1;
          ",
            }
          }
        >
          testDescription
        </div>
        <div
          className="Card-meta-Style"
          css={
            Object {
              "map": undefined,
              "name": "4j3tb8",
              "next": undefined,
              "styles": "
            display: flex;
            flex-direction: column;
            justify-content: flex-end;
          ",
            }
          }
        >
          a few seconds ago
        </div>
      </div>
    </div>
  </div>
  <div>
    <div
      css={
        Object {
          "map": undefined,
          "name": "lcxyxv",
          "next": undefined,
          "styles": "
        
    padding: 15px;
    min-height: 30px;
  ;
        box-shadow: 0px 2px 4px 0px rgba(0, 0, 0, 0.5);
        border-left: 6px solid rgb(0,61,89);
        background-color: rgb(255, 255, 255);
      ",
        }
      }
      onClick={[Function]}
    >
      <div
        className="Card-heading-Style"
        css={
          Object {
            "map": undefined,
            "name": "qiy98z",
            "next": undefined,
            "styles": "
          color: inherit;
          flex-grow: 1;
          font-weight: semi-bold;
        ",
          }
        }
        data-testid="articletab-article-card"
      >
        test Article 3
      </div>
      <div
        className="Card-sub-head-Style-gray"
        css={
          Object {
            "map": undefined,
            "name": "1hejrb1",
            "next": undefined,
            "styles": "
          padding-top: 6px;
          display: flex;
          flex-direction: vertical;
          line-height: 1.08;
          max-height: 42.12px; // line-height * font-size * 3
        ",
          }
        }
      >
        <div
          css={
            Object {
              "map": undefined,
              "name": "lz6rtp",
              "next": undefined,
              "styles": "
            width: 70%;
            overflow: hidden;
            text-overflow: ellipsis;
            flex-grow: 1;
          ",
            }
          }
        >
          testDescription
        </div>
        <div
          className="Card-meta-Style"
          css={
            Object {
              "map": undefined,
              "name": "4j3tb8",
              "next": undefined,
              "styles": "
            display: flex;
            flex-direction: column;
            justify-content: flex-end;
          ",
            }
          }
        >
          a few seconds ago
        </div>
      </div>
    </div>
  </div>
  <div>
    <div
      css={
        Object {
          "map": undefined,
          "name": "lcxyxv",
          "next": undefined,
          "styles": "
        
    padding: 15px;
    min-height: 30px;
  ;
        box-shadow: 0px 2px 4px 0px rgba(0, 0, 0, 0.5);
        border-left: 6px solid rgb(0,61,89);
        background-color: rgb(255, 255, 255);
      ",
        }
      }
      onClick={[Function]}
    >
      <div
        className="Card-heading-Style"
        css={
          Object {
            "map": undefined,
            "name": "qiy98z",
            "next": undefined,
            "styles": "
          color: inherit;
          flex-grow: 1;
          font-weight: semi-bold;
        ",
          }
        }
        data-testid="articletab-article-card"
      >
        test Article 4
      </div>
      <div
        className="Card-sub-head-Style-gray"
        css={
          Object {
            "map": undefined,
            "name": "1hejrb1",
            "next": undefined,
            "styles": "
          padding-top: 6px;
          display: flex;
          flex-direction: vertical;
          line-height: 1.08;
          max-height: 42.12px; // line-height * font-size * 3
        ",
          }
        }
      >
        <div
          css={
            Object {
              "map": undefined,
              "name": "lz6rtp",
              "next": undefined,
              "styles": "
            width: 70%;
            overflow: hidden;
            text-overflow: ellipsis;
            flex-grow: 1;
          ",
            }
          }
        >
          testDescription
        </div>
        <div
          className="Card-meta-Style"
          css={
            Object {
              "map": undefined,
              "name": "4j3tb8",
              "next": undefined,
              "styles": "
            display: flex;
            flex-direction: column;
            justify-content: flex-end;
          ",
            }
          }
        >
          a few seconds ago
        </div>
      </div>
    </div>
  </div>
  <div>
    <div
      css={
        Object {
          "map": undefined,
          "name": "1rakub1",
          "next": undefined,
          "styles": "
        
    padding: 15px;
    min-height: 30px;
  ;
        box-shadow: 0 2px 4px 0 rgba(212, 212, 212, 0.5);
        border: solid 1px #ececed;
        
    background: linear-gradient(to left, rgb(25, 80, 105), rgb(71, 114, 136));
  ;
        border-left: 6px solid rgb(0,61,89);
      ",
        }
      }
      onClick={[Function]}
    >
      <div
        className="Card-heading-Style"
        css={
          Object {
            "map": undefined,
            "name": "1bl45q",
            "next": undefined,
            "styles": "
          color: white;
          flex-grow: 1;
          font-weight: semi-bold;
        ",
          }
        }
        data-testid="articletab-article-card"
      >
        test Directory 5
      </div>
      <div
        className="Card-sub-head-Style-gray"
        css={
          Object {
            "map": undefined,
            "name": "1hejrb1",
            "next": undefined,
            "styles": "
          padding-top: 6px;
          display: flex;
          flex-direction: vertical;
          line-height: 1.08;
          max-height: 42.12px; // line-height * font-size * 3
        ",
          }
        }
      >
        <div
          css={
            Object {
              "map": undefined,
              "name": "yv8zhf",
              "next": undefined,
              "styles": "
            color: white;
            width: 70%;
            overflow: hidden;
            text-overflow: ellipsis;
            flex-grow: 1;
          ",
            }
          }
        >
          testDescription
        </div>
      </div>
    </div>
  </div>
</div>
`;
