// Jest Snapshot v1, https://goo.gl/fbAQLP

exports[`div rendering renders normally when online 1`] = `
<div
  className="webchat-link"
  data-testid="webchat-link"
  style={
    Object {
      "display": "",
    }
  }
>
  <div
    id="chat-button-container"
  />
</div>
`;
