// Jest Snapshot v1, https://goo.gl/fbAQLP

exports[`StandardArticle renders correctly 1`] = `
<div
  css={
    Object {
      "map": undefined,
      "name": "vkixka",
      "next": undefined,
      "styles": "
        height: 100vh;
        display: flex;
        flex-direction: column;
      ",
    }
  }
>
  <header
    css={
      Object {
        "map": undefined,
        "name": "181ra4m",
        "next": undefined,
        "styles": "
        width: 100vw;
        
    background: linear-gradient(to left, rgb(0,61,89), #33637a);
  ;
      ",
      }
    }
  >
    <div
      css={
        Object {
          "map": undefined,
          "name": "1thgah9",
          "next": undefined,
          "styles": "
            display: flex;
          ",
        }
      }
    >
      <div
        className="Header-Title-Style"
        css={
          Object {
            "map": undefined,
            "name": "17ih1bc",
            "next": undefined,
            "styles": "
              
    display: flex;
    justify-content: center;
    flex-direction: column;
  
              
    padding: 15px;
  
              flex-grow: 1;
            ",
          }
        }
        onClick={[Function]}
      >
        Self Help Facility
      </div>
      <div
        className="Header-button-Style"
        css={
          Object {
            "map": undefined,
            "name": "1sm5jo",
            "next": undefined,
            "styles": "
        
    display: flex;
    justify-content: center;
    flex-direction: column;
  
        padding: 0px 10px;
        background-color: rgb(255, 255, 255, 0.2);
        border-radius: 4px;
        margin: 10px 10px 10px 0px;
        min-width: 20px;
        object-fit: contain;
        text-align: center;
        height: 40px;
      ",
          }
        }
        data-testid="topbarlink-button"
        onClick={[Function]}
      >
        <div
          css={
            Object {
              "map": undefined,
              "name": "1dbjmka",
              "next": undefined,
              "styles": "
                  font-size: 19px;
                ",
            }
          }
        >
          <svg
            aria-hidden="true"
            className="svg-inline--fa fa-search fa-w-16 "
            data-icon="search"
            data-prefix="fas"
            focusable="false"
            role="img"
            style={Object {}}
            viewBox="0 0 512 512"
            xmlns="http://www.w3.org/2000/svg"
          >
            <path
              d="M505 442.7L405.3 343c-4.5-4.5-10.6-7-17-7H372c27.6-35.3 44-79.7 44-128C416 93.1 322.9 0 208 0S0 93.1 0 208s93.1 208 208 208c48.3 0 92.7-16.4 128-44v16.3c0 6.4 2.5 12.5 7 17l99.7 99.7c9.4 9.4 24.6 9.4 33.9 0l28.3-28.3c9.4-9.4 9.4-24.6.1-34zM208 336c-70.7 0-128-57.2-128-128 0-70.7 57.2-128 128-128 70.7 0 128 57.2 128 128 0 70.7-57.2 128-128 128z"
              fill="currentColor"
              style={Object {}}
            />
          </svg>
        </div>
      </div>
      <div
        className="Header-button-Style"
        css={
          Object {
            "map": undefined,
            "name": "1sm5jo",
            "next": undefined,
            "styles": "
        
    display: flex;
    justify-content: center;
    flex-direction: column;
  
        padding: 0px 10px;
        background-color: rgb(255, 255, 255, 0.2);
        border-radius: 4px;
        margin: 10px 10px 10px 0px;
        min-width: 20px;
        object-fit: contain;
        text-align: center;
        height: 40px;
      ",
          }
        }
        data-testid="topbarlink-button"
        onClick={[Function]}
      >
        Menu
      </div>
    </div>
  </header>
  <div
    css={
      Object {
        "map": undefined,
        "name": "o9ztju",
        "next": undefined,
        "styles": "
          
    margin: 0 auto;
    max-width: 700px;
  
          overflow: scroll;
          width: 100vw;
          display: flex;
          flex-direction: column;
          flex-grow: 1;
        ",
      }
    }
  >
    <div
      css={
        Object {
          "map": undefined,
          "name": "1k0aln6",
          "next": undefined,
          "styles": "
            flex-grow: 1;
          ",
        }
      }
    >
      <div
        css={
          Object {
            "map": undefined,
            "name": "ypl6yy",
            "next": undefined,
            "styles": "
        border-bottom: 1px rgb(229, 229, 234) solid;
        padding: 15px 0px;
      ",
          }
        }
      >
        <div
          className="Section-heading-Style"
          css={
            Object {
              "map": undefined,
              "name": "136nmlb",
              "next": undefined,
              "styles": "
          
    padding: 5px 15px;
  
        ",
            }
          }
        >
          EXPLORE CONTENT
        </div>
        <div
          css={
            Object {
              "map": undefined,
              "name": "136nmlb",
              "next": undefined,
              "styles": "
          
    padding: 5px 15px;
  
        ",
            }
          }
        >
          <div
            className="Button-subhead-Style css-2b097c-container"
            onKeyDown={[Function]}
          >
            <div
              className=" css-yk16xz-control"
              onMouseDown={[Function]}
              onTouchEnd={[Function]}
            >
              <div
                className=" css-1hwfws3"
              >
                <div
                  className=" css-1wa3eu0-placeholder"
                >
                  Select...
                </div>
                <div
                  className="css-1g6gooi"
                >
                  <div
                    className=""
                    style={
                      Object {
                        "display": "inline-block",
                      }
                    }
                  >
                    <input
                      aria-autocomplete="list"
                      autoCapitalize="none"
                      autoComplete="off"
                      autoCorrect="off"
                      disabled={false}
                      id="react-select-2-input"
                      onBlur={[Function]}
                      onChange={[Function]}
                      onFocus={[Function]}
                      spellCheck="false"
                      style={
                        Object {
                          "background": 0,
                          "border": 0,
                          "boxSizing": "content-box",
                          "color": "inherit",
                          "fontSize": "inherit",
                          "label": "input",
                          "opacity": 1,
                          "outline": 0,
                          "padding": 0,
                          "width": "1px",
                        }
                      }
                      tabIndex="0"
                      type="text"
                      value=""
                    />
                    <div
                      style={
                        Object {
                          "height": 0,
                          "left": 0,
                          "overflow": "scroll",
                          "position": "absolute",
                          "top": 0,
                          "visibility": "hidden",
                          "whiteSpace": "pre",
                        }
                      }
                    >
                      
                    </div>
                  </div>
                </div>
              </div>
              <div
                className=" css-1wy0on6"
              >
                <div
                  aria-hidden="true"
                  className=" css-tlfecz-indicatorContainer"
                  onMouseDown={[Function]}
                  onTouchEnd={[Function]}
                >
                  <svg
                    aria-hidden="true"
                    className="css-19bqh2r"
                    focusable="false"
                    height={20}
                    viewBox="0 0 20 20"
                    width={20}
                  >
                    <path
                      d="M4.516 7.548c0.436-0.446 1.043-0.481 1.576 0l3.908 3.747 3.908-3.747c0.533-0.481 1.141-0.446 1.574 0 0.436 0.445 0.408 1.197 0 1.615-0.406 0.418-4.695 4.502-4.695 4.502-0.217 0.223-0.502 0.335-0.787 0.335s-0.57-0.112-0.789-0.335c0 0-4.287-4.084-4.695-4.502s-0.436-1.17 0-1.615z"
                    />
                  </svg>
                </div>
              </div>
            </div>
          </div>
        </div>
      </div>
      <div
        css={
          Object {
            "map": undefined,
            "name": "12ew49b",
            "next": undefined,
            "styles": "
        
    padding: 5px 15px;
  
      ",
          }
        }
      >
        <h1
          className="Article-Title-Style"
          css={
            Object {
              "map": undefined,
              "name": "1xcgh0k",
              "next": undefined,
              "styles": "
          margin-bottom: 0px;
          display: flex;
        ",
            }
          }
          data-testid="search-result-title"
        >
          test Directory 1
        </h1>
      </div>
      <div
        className="Article-body-Style"
        css={
          Object {
            "map": undefined,
            "name": "bsbyq4",
            "next": undefined,
            "styles": "
        
    padding: 5px 15px;
  ;
        margin-bottom: 20px;
      ",
          }
        }
      >
        <div
          className="Article-sub-title-Style"
        >
          test description
        </div>
      </div>
      <div
        css={
          Object {
            "map": undefined,
            "name": "1p7jpnp",
            "next": undefined,
            "styles": "
        
    padding: 15px 0px;
  ;
      ",
          }
        }
      >
        <div
          css={
            Object {
              "map": undefined,
              "name": "2artsq",
              "next": undefined,
              "styles": "
          
    padding: 15px 0px;
  ;
          
    padding: 5px 15px;
  
          display: flex;
          margin-bottom: 5px;
        ",
            }
          }
        >
          <div
            className="Tablist-heading-Style"
          >
            IN THIS SECTION:
          </div>
        </div>
        <div>
          <div
            css={
              Object {
                "map": undefined,
                "name": "lcxyxv",
                "next": undefined,
                "styles": "
        
    padding: 15px;
    min-height: 30px;
  ;
        box-shadow: 0px 2px 4px 0px rgba(0, 0, 0, 0.5);
        border-left: 6px solid rgb(0,61,89);
        background-color: rgb(255, 255, 255);
      ",
              }
            }
            onClick={[Function]}
          >
            <div
              className="Card-heading-Style"
              css={
                Object {
                  "map": undefined,
                  "name": "qiy98z",
                  "next": undefined,
                  "styles": "
          color: inherit;
          flex-grow: 1;
          font-weight: semi-bold;
        ",
                }
              }
              data-testid="articletab-article-card"
            >
              test Article 1
            </div>
            <div
              className="Card-sub-head-Style-gray"
              css={
                Object {
                  "map": undefined,
                  "name": "1hejrb1",
                  "next": undefined,
                  "styles": "
          padding-top: 6px;
          display: flex;
          flex-direction: vertical;
          line-height: 1.08;
          max-height: 42.12px; // line-height * font-size * 3
        ",
                }
              }
            >
              <div
                css={
                  Object {
                    "map": undefined,
                    "name": "lz6rtp",
                    "next": undefined,
                    "styles": "
            width: 70%;
            overflow: hidden;
            text-overflow: ellipsis;
            flex-grow: 1;
          ",
                  }
                }
              >
                testDescription
              </div>
              <div
                className="Card-meta-Style"
                css={
                  Object {
                    "map": undefined,
                    "name": "4j3tb8",
                    "next": undefined,
                    "styles": "
            display: flex;
            flex-direction: column;
            justify-content: flex-end;
          ",
                  }
                }
              >
                a few seconds ago
              </div>
            </div>
          </div>
        </div>
        <div>
          <div
            css={
              Object {
                "map": undefined,
                "name": "lcxyxv",
                "next": undefined,
                "styles": "
        
    padding: 15px;
    min-height: 30px;
  ;
        box-shadow: 0px 2px 4px 0px rgba(0, 0, 0, 0.5);
        border-left: 6px solid rgb(0,61,89);
        background-color: rgb(255, 255, 255);
      ",
              }
            }
            onClick={[Function]}
          >
            <div
              className="Card-heading-Style"
              css={
                Object {
                  "map": undefined,
                  "name": "qiy98z",
                  "next": undefined,
                  "styles": "
          color: inherit;
          flex-grow: 1;
          font-weight: semi-bold;
        ",
                }
              }
              data-testid="articletab-article-card"
            >
              test Article 2
            </div>
            <div
              className="Card-sub-head-Style-gray"
              css={
                Object {
                  "map": undefined,
                  "name": "1hejrb1",
                  "next": undefined,
                  "styles": "
          padding-top: 6px;
          display: flex;
          flex-direction: vertical;
          line-height: 1.08;
          max-height: 42.12px; // line-height * font-size * 3
        ",
                }
              }
            >
              <div
                css={
                  Object {
                    "map": undefined,
                    "name": "lz6rtp",
                    "next": undefined,
                    "styles": "
            width: 70%;
            overflow: hidden;
            text-overflow: ellipsis;
            flex-grow: 1;
          ",
                  }
                }
              >
                testDescription
              </div>
              <div
                className="Card-meta-Style"
                css={
                  Object {
                    "map": undefined,
                    "name": "4j3tb8",
                    "next": undefined,
                    "styles": "
            display: flex;
            flex-direction: column;
            justify-content: flex-end;
          ",
                  }
                }
              >
                a few seconds ago
              </div>
            </div>
          </div>
        </div>
        <div>
          <div
            css={
              Object {
                "map": undefined,
                "name": "lcxyxv",
                "next": undefined,
                "styles": "
        
    padding: 15px;
    min-height: 30px;
  ;
        box-shadow: 0px 2px 4px 0px rgba(0, 0, 0, 0.5);
        border-left: 6px solid rgb(0,61,89);
        background-color: rgb(255, 255, 255);
      ",
              }
            }
            onClick={[Function]}
          >
            <div
              className="Card-heading-Style"
              css={
                Object {
                  "map": undefined,
                  "name": "qiy98z",
                  "next": undefined,
                  "styles": "
          color: inherit;
          flex-grow: 1;
          font-weight: semi-bold;
        ",
                }
              }
              data-testid="articletab-article-card"
            >
              test Article 3
            </div>
            <div
              className="Card-sub-head-Style-gray"
              css={
                Object {
                  "map": undefined,
                  "name": "1hejrb1",
                  "next": undefined,
                  "styles": "
          padding-top: 6px;
          display: flex;
          flex-direction: vertical;
          line-height: 1.08;
          max-height: 42.12px; // line-height * font-size * 3
        ",
                }
              }
            >
              <div
                css={
                  Object {
                    "map": undefined,
                    "name": "lz6rtp",
                    "next": undefined,
                    "styles": "
            width: 70%;
            overflow: hidden;
            text-overflow: ellipsis;
            flex-grow: 1;
          ",
                  }
                }
              >
                testDescription
              </div>
              <div
                className="Card-meta-Style"
                css={
                  Object {
                    "map": undefined,
                    "name": "4j3tb8",
                    "next": undefined,
                    "styles": "
            display: flex;
            flex-direction: column;
            justify-content: flex-end;
          ",
                  }
                }
              >
                a few seconds ago
              </div>
            </div>
          </div>
        </div>
        <div>
          <div
            css={
              Object {
                "map": undefined,
                "name": "lcxyxv",
                "next": undefined,
                "styles": "
        
    padding: 15px;
    min-height: 30px;
  ;
        box-shadow: 0px 2px 4px 0px rgba(0, 0, 0, 0.5);
        border-left: 6px solid rgb(0,61,89);
        background-color: rgb(255, 255, 255);
      ",
              }
            }
            onClick={[Function]}
          >
            <div
              className="Card-heading-Style"
              css={
                Object {
                  "map": undefined,
                  "name": "qiy98z",
                  "next": undefined,
                  "styles": "
          color: inherit;
          flex-grow: 1;
          font-weight: semi-bold;
        ",
                }
              }
              data-testid="articletab-article-card"
            >
              test Article 4
            </div>
            <div
              className="Card-sub-head-Style-gray"
              css={
                Object {
                  "map": undefined,
                  "name": "1hejrb1",
                  "next": undefined,
                  "styles": "
          padding-top: 6px;
          display: flex;
          flex-direction: vertical;
          line-height: 1.08;
          max-height: 42.12px; // line-height * font-size * 3
        ",
                }
              }
            >
              <div
                css={
                  Object {
                    "map": undefined,
                    "name": "lz6rtp",
                    "next": undefined,
                    "styles": "
            width: 70%;
            overflow: hidden;
            text-overflow: ellipsis;
            flex-grow: 1;
          ",
                  }
                }
              >
                testDescription
              </div>
              <div
                className="Card-meta-Style"
                css={
                  Object {
                    "map": undefined,
                    "name": "4j3tb8",
                    "next": undefined,
                    "styles": "
            display: flex;
            flex-direction: column;
            justify-content: flex-end;
          ",
                  }
                }
              >
                a few seconds ago
              </div>
            </div>
          </div>
        </div>
        <div>
          <div
            css={
              Object {
                "map": undefined,
                "name": "lcxyxv",
                "next": undefined,
                "styles": "
        
    padding: 15px;
    min-height: 30px;
  ;
        box-shadow: 0px 2px 4px 0px rgba(0, 0, 0, 0.5);
        border-left: 6px solid rgb(0,61,89);
        background-color: rgb(255, 255, 255);
      ",
              }
            }
            onClick={[Function]}
          >
            <div
              className="Card-heading-Style"
              css={
                Object {
                  "map": undefined,
                  "name": "qiy98z",
                  "next": undefined,
                  "styles": "
          color: inherit;
          flex-grow: 1;
          font-weight: semi-bold;
        ",
                }
              }
              data-testid="articletab-article-card"
            >
              test Article 5
            </div>
            <div
              className="Card-sub-head-Style-gray"
              css={
                Object {
                  "map": undefined,
                  "name": "1hejrb1",
                  "next": undefined,
                  "styles": "
          padding-top: 6px;
          display: flex;
          flex-direction: vertical;
          line-height: 1.08;
          max-height: 42.12px; // line-height * font-size * 3
        ",
                }
              }
            >
              <div
                css={
                  Object {
                    "map": undefined,
                    "name": "lz6rtp",
                    "next": undefined,
                    "styles": "
            width: 70%;
            overflow: hidden;
            text-overflow: ellipsis;
            flex-grow: 1;
          ",
                  }
                }
              >
                testDescription
              </div>
              <div
                className="Card-meta-Style"
                css={
                  Object {
                    "map": undefined,
                    "name": "4j3tb8",
                    "next": undefined,
                    "styles": "
            display: flex;
            flex-direction: column;
            justify-content: flex-end;
          ",
                  }
                }
              >
                a few seconds ago
              </div>
            </div>
          </div>
        </div>
        <div>
          <div
            css={
              Object {
                "map": undefined,
                "name": "lcxyxv",
                "next": undefined,
                "styles": "
        
    padding: 15px;
    min-height: 30px;
  ;
        box-shadow: 0px 2px 4px 0px rgba(0, 0, 0, 0.5);
        border-left: 6px solid rgb(0,61,89);
        background-color: rgb(255, 255, 255);
      ",
              }
            }
            onClick={[Function]}
          >
            <div
              className="Card-heading-Style"
              css={
                Object {
                  "map": undefined,
                  "name": "qiy98z",
                  "next": undefined,
                  "styles": "
          color: inherit;
          flex-grow: 1;
          font-weight: semi-bold;
        ",
                }
              }
              data-testid="articletab-article-card"
            >
              test Article 6
            </div>
            <div
              className="Card-sub-head-Style-gray"
              css={
                Object {
                  "map": undefined,
                  "name": "1hejrb1",
                  "next": undefined,
                  "styles": "
          padding-top: 6px;
          display: flex;
          flex-direction: vertical;
          line-height: 1.08;
          max-height: 42.12px; // line-height * font-size * 3
        ",
                }
              }
            >
              <div
                css={
                  Object {
                    "map": undefined,
                    "name": "lz6rtp",
                    "next": undefined,
                    "styles": "
            width: 70%;
            overflow: hidden;
            text-overflow: ellipsis;
            flex-grow: 1;
          ",
                  }
                }
              >
                testDescription
              </div>
              <div
                className="Card-meta-Style"
                css={
                  Object {
                    "map": undefined,
                    "name": "4j3tb8",
                    "next": undefined,
                    "styles": "
            display: flex;
            flex-direction: column;
            justify-content: flex-end;
          ",
                  }
                }
              >
                a few seconds ago
              </div>
            </div>
          </div>
        </div>
      </div>
    </div>
    <div
      css={
        Object {
          "map": undefined,
          "name": "ej75ms",
          "next": undefined,
          "styles": "
        
    padding: 30px 0px;
  
        width: 100%;
        padding: 10px 0px;
        background-color: rgb(236, 236, 237);
        display: flex;
        min-height: 100px;
        flex-direction: column;
        justify-content: center;
        flex-shrink: 0;
      ",
        }
      }
    >
      <img
        alt="Footer logo"
        css={
          Object {
            "map": undefined,
            "name": "1v6eegl",
            "next": undefined,
            "styles": "
          margin-bottom: 50px;
          margin-top: 50px;
        ",
          }
        }
        src="/footer_logo.svg"
      />
      <div
        className="Footer-Style"
      >
        © Office for National Statistics 2019
      </div>
    </div>
  </div>
</div>
`;
