// Jest Snapshot v1, https://goo.gl/fbAQLP

exports[`Index renders correctly with alert data and has alert 1`] = `
<div>
  <div
    data-testid="alert-message"
    style={
      Object {
        "backgroundColor": "lightgreen",
      }
    }
  >
    <b>
      Alert
    </b>
    :Â 
    <span>
      this is test content
    </span>
  </div>
  <p>
    hello world
  </p>
</div>
`;

exports[`Index renders correctly without data and has no alert 1`] = `
<div>
  <p>
    hello world
  </p>
</div>
`;
