// Jest Snapshot v1, https://goo.gl/fbAQLP

exports[`Most Recent renders correctly 1`] = `
<div
  css={
    Object {
      "map": undefined,
      "name": "vkixka",
      "next": undefined,
      "styles": "
        height: 100vh;
        display: flex;
        flex-direction: column;
      ",
    }
  }
>
  <header
    css={
      Object {
        "map": undefined,
        "name": "181ra4m",
        "next": undefined,
        "styles": "
        width: 100vw;
        
    background: linear-gradient(to left, rgb(0,61,89), #33637a);
  ;
      ",
      }
    }
  >
    <div
      css={
        Object {
          "map": undefined,
          "name": "1thgah9",
          "next": undefined,
          "styles": "
            display: flex;
          ",
        }
      }
    >
      <div
        className="Header-Title-Style"
        css={
          Object {
            "map": undefined,
            "name": "17ih1bc",
            "next": undefined,
            "styles": "
              
    display: flex;
    justify-content: center;
    flex-direction: column;
  
              
    padding: 15px;
  
              flex-grow: 1;
            ",
          }
        }
        onClick={[Function]}
      >
        Self Help Facility
      </div>
      <div
        className="Header-button-Style"
        css={
          Object {
            "map": undefined,
            "name": "1sm5jo",
            "next": undefined,
            "styles": "
        
    display: flex;
    justify-content: center;
    flex-direction: column;
  
        padding: 0px 10px;
        background-color: rgb(255, 255, 255, 0.2);
        border-radius: 4px;
        margin: 10px 10px 10px 0px;
        min-width: 20px;
        object-fit: contain;
        text-align: center;
        height: 40px;
      ",
          }
        }
        data-testid="topbarlink-button"
        onClick={[Function]}
      >
        <div
          css={
            Object {
              "map": undefined,
              "name": "1dbjmka",
              "next": undefined,
              "styles": "
                  font-size: 19px;
                ",
            }
          }
        >
          <svg
            aria-hidden="true"
            className="svg-inline--fa fa-search fa-w-16 "
            data-icon="search"
            data-prefix="fas"
            focusable="false"
            role="img"
            style={Object {}}
            viewBox="0 0 512 512"
            xmlns="http://www.w3.org/2000/svg"
          >
            <path
              d="M505 442.7L405.3 343c-4.5-4.5-10.6-7-17-7H372c27.6-35.3 44-79.7 44-128C416 93.1 322.9 0 208 0S0 93.1 0 208s93.1 208 208 208c48.3 0 92.7-16.4 128-44v16.3c0 6.4 2.5 12.5 7 17l99.7 99.7c9.4 9.4 24.6 9.4 33.9 0l28.3-28.3c9.4-9.4 9.4-24.6.1-34zM208 336c-70.7 0-128-57.2-128-128 0-70.7 57.2-128 128-128 70.7 0 128 57.2 128 128 0 70.7-57.2 128-128 128z"
              fill="currentColor"
              style={Object {}}
            />
          </svg>
        </div>
      </div>
      <div
        className="Header-button-Style"
        css={
          Object {
            "map": undefined,
            "name": "1sm5jo",
            "next": undefined,
            "styles": "
        
    display: flex;
    justify-content: center;
    flex-direction: column;
  
        padding: 0px 10px;
        background-color: rgb(255, 255, 255, 0.2);
        border-radius: 4px;
        margin: 10px 10px 10px 0px;
        min-width: 20px;
        object-fit: contain;
        text-align: center;
        height: 40px;
      ",
          }
        }
        data-testid="topbarlink-button"
        onClick={[Function]}
      >
        Menu
      </div>
    </div>
  </header>
  <div
    css={
      Object {
        "map": undefined,
        "name": "o9ztju",
        "next": undefined,
        "styles": "
          
    margin: 0 auto;
    max-width: 700px;
  
          overflow: scroll;
          width: 100vw;
          display: flex;
          flex-direction: column;
          flex-grow: 1;
        ",
      }
    }
  >
    <div
      css={
        Object {
          "map": undefined,
          "name": "1k0aln6",
          "next": undefined,
          "styles": "
            flex-grow: 1;
          ",
        }
      }
    >
      <div
        css={
          Object {
            "map": undefined,
            "name": "ypl6yy",
            "next": undefined,
            "styles": "
        border-bottom: 1px rgb(229, 229, 234) solid;
        padding: 15px 0px;
      ",
          }
        }
      >
        <div
          css={
            Object {
              "map": undefined,
              "name": "17k9f9t",
              "next": undefined,
              "styles": "
        
    display: flex;
    justify-content: center;
    flex-direction: column;
  
        padding: 0px 10px;
        border-radius: 4px;
        box-shadow: 0 2px 4px 0 rgba(212, 212, 212, 0.5);
        border: solid 1px #ececed;
        margin: 0px 15px;
        text-align: center;
        height: 50px;
        background-color: rgb(255, 255, 255);
        
      ",
            }
          }
          data-testid="large-button"
          onClick={[Function]}
        >
          <div
            css={
              Object {
                "map": undefined,
                "name": "1dj94zy",
                "next": undefined,
                "styles": "
            font-size: 19px;
            position: relative;
            left: 10px;
            color: rgb(0,61,89);
          ",
              }
            }
          >
            <div
              css={
                Object {
                  "map": undefined,
                  "name": "1wo7hj",
                  "next": undefined,
                  "styles": "
              position: absolute;
            ",
                }
              }
            >
              <svg
                aria-hidden="true"
                className="svg-inline--fa fa-book fa-w-14 "
                data-icon="book"
                data-prefix="fas"
                focusable="false"
                role="img"
                style={Object {}}
                viewBox="0 0 448 512"
                xmlns="http://www.w3.org/2000/svg"
              >
                <path
                  d="M448 360V24c0-13.3-10.7-24-24-24H96C43 0 0 43 0 96v320c0 53 43 96 96 96h328c13.3 0 24-10.7 24-24v-16c0-7.5-3.5-14.3-8.9-18.7-4.2-15.4-4.2-59.3 0-74.7 5.4-4.3 8.9-11.1 8.9-18.6zM128 134c0-3.3 2.7-6 6-6h212c3.3 0 6 2.7 6 6v20c0 3.3-2.7 6-6 6H134c-3.3 0-6-2.7-6-6v-20zm0 64c0-3.3 2.7-6 6-6h212c3.3 0 6 2.7 6 6v20c0 3.3-2.7 6-6 6H134c-3.3 0-6-2.7-6-6v-20zm253.4 250H96c-17.7 0-32-14.3-32-32 0-17.6 14.4-32 32-32h285.4c-1.9 17.1-1.9 46.9 0 64z"
                  fill="currentColor"
                  style={Object {}}
                />
              </svg>
            </div>
          </div>
          <div
            className="Button-heading-Style"
            css={
              Object {
                "map": undefined,
                "name": "7tk8ru",
                "next": undefined,
                "styles": "
          margin: 0px 20px;
          color: rgb(0,61,89);
        ",
              }
            }
          >
            Explore Content
          </div>
        </div>
      </div>
      <div
        css={
          Object {
            "map": undefined,
            "name": "12ew49b",
            "next": undefined,
            "styles": "
        
    padding: 5px 15px;
  
      ",
          }
        }
      >
        <h1
          className="Article-Title-Style"
          css={
            Object {
              "map": undefined,
              "name": "1xcgh0k",
              "next": undefined,
              "styles": "
          margin-bottom: 0px;
          display: flex;
        ",
            }
          }
          data-testid="search-result-title"
        >
          <div
            css={
              Object {
                "map": undefined,
                "name": "8x4dpy",
                "next": undefined,
                "styles": "
              font-size: 19px;
              margin: 5px 20px 0px 2px;
            ",
              }
            }
          >
            <svg
              aria-hidden="true"
              className="svg-inline--fa fa-clock fa-w-16 "
              data-icon="clock"
              data-prefix="fas"
              focusable="false"
              role="img"
              style={Object {}}
              viewBox="0 0 512 512"
              xmlns="http://www.w3.org/2000/svg"
            >
              <path
                d="M256 8C119 8 8 119 8 256s111 248 248 248 248-111 248-248S393 8 256 8zm57.1 350.1L224.9 294c-3.1-2.3-4.9-5.9-4.9-9.7V116c0-6.6 5.4-12 12-12h48c6.6 0 12 5.4 12 12v137.7l63.5 46.2c5.4 3.9 6.5 11.4 2.6 16.8l-28.2 38.8c-3.9 5.3-11.4 6.5-16.8 2.6z"
                fill="currentColor"
                style={Object {}}
              />
            </svg>
          </div>
          Recently Updated
        </h1>
      </div>
      <div
        className="Article-body-Style"
        css={
          Object {
            "map": undefined,
            "name": "bsbyq4",
            "next": undefined,
            "styles": "
        
    padding: 5px 15px;
  ;
        margin-bottom: 20px;
      ",
          }
        }
      >
        Most recent changes, need to check with Phil to see if there's actually content for this
      </div>
      <div
        css={
          Object {
            "map": undefined,
            "name": "1p7jpnp",
            "next": undefined,
            "styles": "
        
    padding: 15px 0px;
  ;
      ",
          }
        }
      >
        <div>
          <div
            css={
              Object {
                "map": undefined,
                "name": "lcxyxv",
                "next": undefined,
                "styles": "
        
    padding: 15px;
    min-height: 30px;
  ;
        box-shadow: 0px 2px 4px 0px rgba(0, 0, 0, 0.5);
        border-left: 6px solid rgb(0,61,89);
        background-color: rgb(255, 255, 255);
      ",
              }
            }
            onClick={[Function]}
          >
            <div
              className="Card-heading-Style"
              css={
                Object {
                  "map": undefined,
                  "name": "qiy98z",
                  "next": undefined,
                  "styles": "
          color: inherit;
          flex-grow: 1;
          font-weight: semi-bold;
        ",
                }
              }
              data-testid="articletab-article-card"
            >
              test Article 1
            </div>
            <div
              className="Card-sub-head-Style-gray"
              css={
                Object {
                  "map": undefined,
                  "name": "1hejrb1",
                  "next": undefined,
                  "styles": "
          padding-top: 6px;
          display: flex;
          flex-direction: vertical;
          line-height: 1.08;
          max-height: 42.12px; // line-height * font-size * 3
        ",
                }
              }
            >
              <div
                css={
                  Object {
                    "map": undefined,
                    "name": "lz6rtp",
                    "next": undefined,
                    "styles": "
            width: 70%;
            overflow: hidden;
            text-overflow: ellipsis;
            flex-grow: 1;
          ",
                  }
                }
              >
                testDescription
              </div>
              <div
                className="Card-meta-Style"
                css={
                  Object {
                    "map": undefined,
                    "name": "4j3tb8",
                    "next": undefined,
                    "styles": "
            display: flex;
            flex-direction: column;
            justify-content: flex-end;
          ",
                  }
                }
              >
                a few seconds ago
              </div>
            </div>
          </div>
        </div>
        <div>
          <div
            css={
              Object {
                "map": undefined,
                "name": "lcxyxv",
                "next": undefined,
                "styles": "
        
    padding: 15px;
    min-height: 30px;
  ;
        box-shadow: 0px 2px 4px 0px rgba(0, 0, 0, 0.5);
        border-left: 6px solid rgb(0,61,89);
        background-color: rgb(255, 255, 255);
      ",
              }
            }
            onClick={[Function]}
          >
            <div
              className="Card-heading-Style"
              css={
                Object {
                  "map": undefined,
                  "name": "qiy98z",
                  "next": undefined,
                  "styles": "
          color: inherit;
          flex-grow: 1;
          font-weight: semi-bold;
        ",
                }
              }
              data-testid="articletab-article-card"
            >
              test Article 2
            </div>
            <div
              className="Card-sub-head-Style-gray"
              css={
                Object {
                  "map": undefined,
                  "name": "1hejrb1",
                  "next": undefined,
                  "styles": "
          padding-top: 6px;
          display: flex;
          flex-direction: vertical;
          line-height: 1.08;
          max-height: 42.12px; // line-height * font-size * 3
        ",
                }
              }
            >
              <div
                css={
                  Object {
                    "map": undefined,
                    "name": "lz6rtp",
                    "next": undefined,
                    "styles": "
            width: 70%;
            overflow: hidden;
            text-overflow: ellipsis;
            flex-grow: 1;
          ",
                  }
                }
              >
                testDescription
              </div>
              <div
                className="Card-meta-Style"
                css={
                  Object {
                    "map": undefined,
                    "name": "4j3tb8",
                    "next": undefined,
                    "styles": "
            display: flex;
            flex-direction: column;
            justify-content: flex-end;
          ",
                  }
                }
              >
                a few seconds ago
              </div>
            </div>
          </div>
        </div>
        <div>
          <div
            css={
              Object {
                "map": undefined,
                "name": "lcxyxv",
                "next": undefined,
                "styles": "
        
    padding: 15px;
    min-height: 30px;
  ;
        box-shadow: 0px 2px 4px 0px rgba(0, 0, 0, 0.5);
        border-left: 6px solid rgb(0,61,89);
        background-color: rgb(255, 255, 255);
      ",
              }
            }
            onClick={[Function]}
          >
            <div
              className="Card-heading-Style"
              css={
                Object {
                  "map": undefined,
                  "name": "qiy98z",
                  "next": undefined,
                  "styles": "
          color: inherit;
          flex-grow: 1;
          font-weight: semi-bold;
        ",
                }
              }
              data-testid="articletab-article-card"
            >
              test Article 3
            </div>
            <div
              className="Card-sub-head-Style-gray"
              css={
                Object {
                  "map": undefined,
                  "name": "1hejrb1",
                  "next": undefined,
                  "styles": "
          padding-top: 6px;
          display: flex;
          flex-direction: vertical;
          line-height: 1.08;
          max-height: 42.12px; // line-height * font-size * 3
        ",
                }
              }
            >
              <div
                css={
                  Object {
                    "map": undefined,
                    "name": "lz6rtp",
                    "next": undefined,
                    "styles": "
            width: 70%;
            overflow: hidden;
            text-overflow: ellipsis;
            flex-grow: 1;
          ",
                  }
                }
              >
                testDescription
              </div>
              <div
                className="Card-meta-Style"
                css={
                  Object {
                    "map": undefined,
                    "name": "4j3tb8",
                    "next": undefined,
                    "styles": "
            display: flex;
            flex-direction: column;
            justify-content: flex-end;
          ",
                  }
                }
              >
                a few seconds ago
              </div>
            </div>
          </div>
        </div>
        <div>
          <div
            css={
              Object {
                "map": undefined,
                "name": "lcxyxv",
                "next": undefined,
                "styles": "
        
    padding: 15px;
    min-height: 30px;
  ;
        box-shadow: 0px 2px 4px 0px rgba(0, 0, 0, 0.5);
        border-left: 6px solid rgb(0,61,89);
        background-color: rgb(255, 255, 255);
      ",
              }
            }
            onClick={[Function]}
          >
            <div
              className="Card-heading-Style"
              css={
                Object {
                  "map": undefined,
                  "name": "qiy98z",
                  "next": undefined,
                  "styles": "
          color: inherit;
          flex-grow: 1;
          font-weight: semi-bold;
        ",
                }
              }
              data-testid="articletab-article-card"
            >
              test Article 4
            </div>
            <div
              className="Card-sub-head-Style-gray"
              css={
                Object {
                  "map": undefined,
                  "name": "1hejrb1",
                  "next": undefined,
                  "styles": "
          padding-top: 6px;
          display: flex;
          flex-direction: vertical;
          line-height: 1.08;
          max-height: 42.12px; // line-height * font-size * 3
        ",
                }
              }
            >
              <div
                css={
                  Object {
                    "map": undefined,
                    "name": "lz6rtp",
                    "next": undefined,
                    "styles": "
            width: 70%;
            overflow: hidden;
            text-overflow: ellipsis;
            flex-grow: 1;
          ",
                  }
                }
              >
                testDescription
              </div>
              <div
                className="Card-meta-Style"
                css={
                  Object {
                    "map": undefined,
                    "name": "4j3tb8",
                    "next": undefined,
                    "styles": "
            display: flex;
            flex-direction: column;
            justify-content: flex-end;
          ",
                  }
                }
              >
                a few seconds ago
              </div>
            </div>
          </div>
        </div>
      </div>
      <div
        css={
          Object {
            "map": undefined,
            "name": "d1qmp1",
            "next": undefined,
            "styles": "
        padding: 15px 0px;
      ",
          }
        }
      >
        <div
          className="Button-subhead-Style"
          css={
            Object {
              "map": undefined,
              "name": "1dmo2ca",
              "next": undefined,
              "styles": "
          display: flex;
          
    padding: 5px 15px;
  
        ",
            }
          }
        >
          <div
            css={
              Object {
                "map": undefined,
                "name": "1k0aln6",
                "next": undefined,
                "styles": "
            flex-grow: 1;
          ",
              }
            }
            data-testid="pagination-element-showing"
          >
            Showing 
            1
            -
            4
             of 
            4
          </div>
          <div>
            Show 
            5
             per page
          </div>
        </div>
        <div
          css={
            Object {
              "map": undefined,
              "name": "1sf84gv",
              "next": undefined,
              "styles": "
          display: flex;
          justify-content: center;
        ",
            }
          }
        >
          <div
            className="Article-Title-Style"
            css={
              Object {
                "map": undefined,
                "name": "1j335gw",
                "next": undefined,
                "styles": "
        padding: 0px 5px;
        text-decoration: underline;
      ",
              }
            }
            data-testid="pagination-1-button"
            onClick={[Function]}
          >
            1
          </div>
        </div>
      </div>
    </div>
    <div
      css={
        Object {
          "map": undefined,
          "name": "ej75ms",
          "next": undefined,
          "styles": "
        
    padding: 30px 0px;
  
        width: 100%;
        padding: 10px 0px;
        background-color: rgb(236, 236, 237);
        display: flex;
        min-height: 100px;
        flex-direction: column;
        justify-content: center;
        flex-shrink: 0;
      ",
        }
      }
    >
      <img
        alt="Footer logo"
        css={
          Object {
            "map": undefined,
            "name": "1v6eegl",
            "next": undefined,
            "styles": "
          margin-bottom: 50px;
          margin-top: 50px;
        ",
          }
        }
        src="/footer_logo.svg"
      />
      <div
        className="Footer-Style"
      >
        © Office for National Statistics 2019
      </div>
    </div>
  </div>
</div>
`;
