// Jest Snapshot v1, https://goo.gl/fbAQLP

exports[`Search renders correctly 1`] = `
<div
  css={
    Object {
      "map": undefined,
      "name": "vkixka",
      "next": undefined,
      "styles": "
        height: 100vh;
        display: flex;
        flex-direction: column;
      ",
    }
  }
>
  <header
    css={
      Object {
        "map": undefined,
        "name": "181ra4m",
        "next": undefined,
        "styles": "
        width: 100vw;
        
    background: linear-gradient(to left, rgb(0,61,89), #33637a);
  ;
      ",
      }
    }
  >
    <div
      css={
        Object {
          "map": undefined,
          "name": "1thgah9",
          "next": undefined,
          "styles": "
            display: flex;
          ",
        }
      }
    >
      <div
        css={
          Object {
            "map": undefined,
            "name": "1uk2jmg",
            "next": undefined,
            "styles": "
              padding: 10px 15px 14px 15px;
              flex-grow: 1;
              display: flex;
            ",
          }
        }
      >
        <div
          css={
            Object {
              "map": undefined,
              "name": "10cznun",
              "next": undefined,
              "styles": "
                
    display: flex;
    justify-content: center;
    flex-direction: column;
  
                position: relative;
                left: 5px;
              ",
            }
          }
        >
          <svg
            aria-hidden="true"
            className="svg-inline--fa fa-search fa-w-16 "
            css={
              Object {
                "map": undefined,
                "name": "5duw79",
                "next": undefined,
                "styles": "
                  position: absolute;
                  color: #6e6e6e;
                ",
              }
            }
            data-icon="search"
            data-prefix="fas"
            focusable="false"
            role="img"
            style={Object {}}
            viewBox="0 0 512 512"
            xmlns="http://www.w3.org/2000/svg"
          >
            <path
              d="M505 442.7L405.3 343c-4.5-4.5-10.6-7-17-7H372c27.6-35.3 44-79.7 44-128C416 93.1 322.9 0 208 0S0 93.1 0 208s93.1 208 208 208c48.3 0 92.7-16.4 128-44v16.3c0 6.4 2.5 12.5 7 17l99.7 99.7c9.4 9.4 24.6 9.4 33.9 0l28.3-28.3c9.4-9.4 9.4-24.6.1-34zM208 336c-70.7 0-128-57.2-128-128 0-70.7 57.2-128 128-128 70.7 0 128 57.2 128 128 0 70.7-57.2 128-128 128z"
              fill="currentColor"
              style={Object {}}
            />
          </svg>
        </div>
        <input
          autoFocus={true}
          className="Notification-heading-Style"
          css={
            Object {
              "map": undefined,
              "name": "1f3qd7n",
              "next": undefined,
              "styles": "
                border: 0;
                border-radius: 16px;
                background-color: rgb(250, 250, 250);
                flex-grow: 1;
                padding-left: 25px;
              ",
            }
          }
          data-testid="search-box"
          maxLength="60"
          onChange={[Function]}
          type="text"
          value=""
        />
      </div>
      <div
        className="Header-button-Style"
        css={
          Object {
            "map": undefined,
            "name": "1sm5jo",
            "next": undefined,
            "styles": "
        
    display: flex;
    justify-content: center;
    flex-direction: column;
  
        padding: 0px 10px;
        background-color: rgb(255, 255, 255, 0.2);
        border-radius: 4px;
        margin: 10px 10px 10px 0px;
        min-width: 20px;
        object-fit: contain;
        text-align: center;
        height: 40px;
      ",
          }
        }
        data-testid="topbarlink-button"
        onClick={[Function]}
      >
        Menu
      </div>
    </div>
  </header>
  <div
    css={
      Object {
        "map": undefined,
        "name": "o9ztju",
        "next": undefined,
        "styles": "
          
    margin: 0 auto;
    max-width: 700px;
  
          overflow: scroll;
          width: 100vw;
          display: flex;
          flex-direction: column;
          flex-grow: 1;
        ",
      }
    }
  >
    <div
      css={
        Object {
          "map": undefined,
          "name": "1k0aln6",
          "next": undefined,
          "styles": "
            flex-grow: 1;
          ",
        }
      }
    >
      <div
        css={
          Object {
            "map": undefined,
            "name": "12ew49b",
            "next": undefined,
            "styles": "
        
    padding: 5px 15px;
  
      ",
          }
        }
      >
        <h1
          className="Article-Title-Style"
          css={
            Object {
              "map": undefined,
              "name": "1xcgh0k",
              "next": undefined,
              "styles": "
          margin-bottom: 0px;
          display: flex;
        ",
            }
          }
          data-testid="search-result-title"
        >
          <svg
            aria-hidden="true"
            className="svg-inline--fa fa-search fa-w-16 "
            css={
              Object {
                "map": undefined,
                "name": "1kk0sdj",
                "next": undefined,
                "styles": "
              padding: 5px;
            ",
              }
            }
            data-icon="search"
            data-prefix="fas"
            focusable="false"
            role="img"
            style={Object {}}
            viewBox="0 0 512 512"
            xmlns="http://www.w3.org/2000/svg"
          >
            <path
              d="M505 442.7L405.3 343c-4.5-4.5-10.6-7-17-7H372c27.6-35.3 44-79.7 44-128C416 93.1 322.9 0 208 0S0 93.1 0 208s93.1 208 208 208c48.3 0 92.7-16.4 128-44v16.3c0 6.4 2.5 12.5 7 17l99.7 99.7c9.4 9.4 24.6 9.4 33.9 0l28.3-28.3c9.4-9.4 9.4-24.6.1-34zM208 336c-70.7 0-128-57.2-128-128 0-70.7 57.2-128 128-128 70.7 0 128 57.2 128 128 0 70.7-57.2 128-128 128z"
              fill="currentColor"
              style={Object {}}
            />
          </svg>
          <div>
            Begin typing to search
          </div>
        </h1>
      </div>
      <div
        css={
          Object {
            "map": undefined,
            "name": "1p7jpnp",
            "next": undefined,
            "styles": "
        
    padding: 15px 0px;
  ;
      ",
          }
        }
      />
    </div>
    <div
      css={
        Object {
          "map": undefined,
          "name": "ej75ms",
          "next": undefined,
          "styles": "
        
    padding: 30px 0px;
  
        width: 100%;
        padding: 10px 0px;
        background-color: rgb(236, 236, 237);
        display: flex;
        min-height: 100px;
        flex-direction: column;
        justify-content: center;
        flex-shrink: 0;
      ",
        }
      }
    >
      <img
        alt="Footer logo"
        css={
          Object {
            "map": undefined,
            "name": "1v6eegl",
            "next": undefined,
            "styles": "
          margin-bottom: 50px;
          margin-top: 50px;
        ",
          }
        }
        src="/footer_logo.svg"
      />
      <div
        className="Footer-Style"
      >
        Â© Office for National Statistics 2019
      </div>
    </div>
  </div>
</div>
`;
